/tmp/tvDatafeed/tvDatafeed/main.py:136: SyntaxWarning: invalid escape sequence '\['
  out = re.search('"s":\[(.+?)\}\]', raw_data).group(1)
/tmp/tvDatafeed/tvDatafeed/main.py:142: SyntaxWarning: invalid escape sequence '\['
  xi = re.split("\[|:|,|\]", xi)
you are using nologin method, data you access may be limited
it  assets  pf_gt1  pf_gt1_25  median_pf  median_ret
4h      13      13         12   2.647661  184.268073
1h      13      12         10   1.999344   32.299554
    s        e it       v   n    wr   pf     ret     dd  expo   avg
XU100 BIST_DLY 4h   E2_ST  46 78.26 6.71  414.39 -25.23 38.38  3.92
XU100 BIST_DLY 4h   E1_ST  65 61.54 2.86  395.26 -31.73 62.90  2.81
XU100 BIST_DLY 4h ST_ONLY  95 56.84 3.32 1057.53 -20.46 60.46  2.87
XU100 BIST_DLY 1h   E2_ST  42 61.90 1.74   28.68 -14.95 42.00  0.65
XU100 BIST_DLY 1h   E1_ST  79 45.57 1.42   34.40 -16.02 70.32  0.42
XU100 BIST_DLY 1h ST_ONLY  99 42.42 1.42   35.86 -14.44 57.62  0.34
THYAO     BIST 4h   E2_ST  38 50.00 2.39  353.45 -26.39 33.54  4.85
THYAO     BIST 4h   E1_ST  76 56.58 2.24 1860.12 -38.60 67.68  4.62
THYAO     BIST 4h ST_ONLY  96 41.67 1.76 1136.50 -30.02 63.16  3.18
THYAO     BIST 1h   E2_ST  44 43.18 0.93   -4.09 -22.90 38.70 -0.02
THYAO     BIST 1h   E1_ST  78 48.72 1.27   28.37 -23.96 70.14  0.39
THYAO     BIST 1h ST_ONLY 102 36.27 0.95   -5.24 -27.00 54.66 -0.01
GARAN     BIST 4h   E2_ST  44 61.36 2.20  184.27 -38.34 37.28  2.80
GARAN     BIST 4h   E1_ST  70 54.29 1.88  524.60 -43.87 63.18  3.37
GARAN     BIST 4h ST_ONLY 102 45.10 1.43  376.36 -44.21 55.78  2.03
GARAN     BIST 1h   E2_ST  47 46.81 1.15   10.39 -24.13 41.18  0.31
GARAN     BIST 1h   E1_ST  78 47.44 1.18   21.29 -28.24 68.92  0.35
GARAN     BIST 1h ST_ONLY 100 37.00 0.94   -8.31 -27.15 53.00 -0.02
ASELS     BIST 4h   E2_ST  37 75.68 5.42  636.53 -24.00 38.84  6.08
ASELS     BIST 4h   E1_ST  62 64.52 4.12 1610.82 -26.75 69.96  5.28
ASELS     BIST 4h ST_ONLY  81 50.62 2.76 3178.05 -26.86 62.74  5.34
ASELS     BIST 1h   E2_ST  37 59.46 2.00   83.55 -19.70 34.38  1.84
ASELS     BIST 1h   E1_ST  69 59.42 2.09  276.62 -26.40 66.00  2.14
ASELS     BIST 1h ST_ONLY  95 50.53 2.23  322.81 -17.04 54.82  1.71
BIMAS     BIST 4h   E2_ST  35 65.71 2.37   85.03 -26.55 32.06  1.96
BIMAS     BIST 4h   E1_ST  71 66.20 3.87  962.94 -28.12 68.20  3.68
BIMAS     BIST 4h ST_ONLY  94 47.87 1.74  356.08 -33.79 57.20  1.86
BIMAS     BIST 1h   E2_ST  48 54.17 2.55   89.24 -16.05 39.30  1.41
BIMAS     BIST 1h   E1_ST  82 50.00 1.43   53.08 -24.00 69.32  0.60
BIMAS     BIST 1h ST_ONLY 102 39.22 1.10   14.83 -25.16 51.72  0.19
TUPRS     BIST 4h   E2_ST  41 60.98 2.91  307.67 -43.18 41.26  4.13
TUPRS     BIST 4h   E1_ST  71 52.11 2.61  641.03 -47.58 65.92  3.40
TUPRS     BIST 4h ST_ONLY  93 47.31 2.74 1913.13 -26.04 54.56  3.73
TUPRS     BIST 1h   E2_ST  41 53.66 2.20   46.35 -12.18 36.52  0.99
TUPRS     BIST 1h   E1_ST  64 48.44 1.36   32.46 -25.32 69.94  0.54
TUPRS     BIST 1h ST_ONLY  84 44.05 2.08  123.62 -30.46 52.38  1.07
  SPY     AMEX 4h   E2_ST  29 65.52 2.76   73.60 -17.89 24.60  2.04
  SPY     AMEX 4h   E1_ST  66 62.12 1.93   96.63 -29.57 51.90  1.12
  SPY     AMEX 4h ST_ONLY 119 46.22 1.28   44.86 -29.43 64.04  0.37
  SPY     AMEX 1h   E2_ST  34 52.94 2.68   32.30  -8.99 30.82  0.86
  SPY     AMEX 1h   E1_ST  69 44.93 1.54   26.27 -13.50 58.02  0.36
  SPY     AMEX 1h ST_ONLY 107 33.64 1.07    5.13 -16.62 61.16  0.06
  QQQ   NASDAQ 4h   E2_ST  34 58.82 2.65  114.63 -28.58 28.14  2.48
  QQQ   NASDAQ 4h   E1_ST  65 56.92 1.59   80.40 -37.96 53.42  1.07
  QQQ   NASDAQ 4h ST_ONLY 121 47.93 1.30   61.14 -30.75 60.74  0.49
  QQQ   NASDAQ 1h   E2_ST  33 60.61 3.63   60.86 -12.18 31.08  1.53
  QQQ   NASDAQ 1h   E1_ST  73 49.32 1.81   64.07 -17.59 64.04  0.73
  QQQ   NASDAQ 1h ST_ONLY 104 36.54 1.27   26.68 -14.97 62.36  0.26
 AAPL   NASDAQ 4h   E2_ST  39 71.79 3.35  311.27 -34.61 41.20  4.15
 AAPL   NASDAQ 4h   E1_ST  63 58.73 2.23  309.88 -38.79 64.44  2.63
 AAPL   NASDAQ 4h ST_ONLY 100 51.00 1.87  369.18 -27.03 57.54  1.76
 AAPL   NASDAQ 1h   E2_ST  35 42.86 1.41   16.99 -13.01 33.50  0.51
 AAPL   NASDAQ 1h   E1_ST  70 47.14 1.50   42.68 -24.61 66.90  0.59
 AAPL   NASDAQ 1h ST_ONLY  94 38.30 1.22   23.02 -21.66 56.92  0.27
 MSFT   NASDAQ 4h   E2_ST  31 45.16 1.14   10.58 -40.22 20.82  0.49
 MSFT   NASDAQ 4h   E1_ST  76 52.63 1.48  128.70 -29.58 60.56  1.30
 MSFT   NASDAQ 4h ST_ONLY 113 39.82 1.04    9.21 -40.07 57.98  0.23
 MSFT   NASDAQ 1h   E2_ST  36 41.67 1.48   30.31 -25.65 39.30  0.98
 MSFT   NASDAQ 1h   E1_ST  62 53.23 1.03    2.66 -40.32 66.14  0.20
 MSFT   NASDAQ 1h ST_ONLY  92 30.43 1.16   16.12 -28.27 52.34  0.26
 NVDA   NASDAQ 4h   E2_ST  36 58.33 3.95  591.26 -43.91 29.76  6.89
 NVDA   NASDAQ 4h   E1_ST  64 65.62 1.28  210.52 -60.66 54.12  2.75
 NVDA   NASDAQ 4h ST_ONLY 112 49.11 1.52 1492.45 -56.40 56.32  3.22
 NVDA   NASDAQ 1h   E2_ST  38 52.63 2.79  206.50 -27.38 34.16  3.30
 NVDA   NASDAQ 1h   E1_ST  67 52.24 2.24  256.29 -28.12 60.62  2.16
 NVDA   NASDAQ 1h ST_ONLY  96 48.96 1.45  142.40 -34.44 56.70  1.11
 AMZN   NASDAQ 4h   E2_ST  33 60.61 1.55   75.05 -38.14 26.26  2.18
 AMZN   NASDAQ 4h   E1_ST  74 59.46 1.69  279.54 -45.62 57.88  2.13
 AMZN   NASDAQ 4h ST_ONLY 114 44.74 1.24   83.24 -50.53 56.82  0.72
 AMZN   NASDAQ 1h   E2_ST  39 46.15 1.19   12.42 -25.50 33.02  0.43
 AMZN   NASDAQ 1h   E1_ST  74 52.70 1.22   31.95 -29.94 64.24  0.51
 AMZN   NASDAQ 1h ST_ONLY 101 34.65 0.98   -2.42 -29.88 53.40  0.05
 TSLA   NASDAQ 4h   E2_ST  49 48.98 1.26  108.26 -67.27 37.34  2.62
 TSLA   NASDAQ 4h   E1_ST  73 45.21 0.99   -5.96 -86.78 62.44  1.38
 TSLA   NASDAQ 4h ST_ONLY 108 36.11 1.36 1286.59 -47.22 52.88  3.90
 TSLA   NASDAQ 1h   E2_ST  48 58.33 2.07  223.94 -35.75 38.78  2.97
 TSLA   NASDAQ 1h   E1_ST  77 50.65 1.42  162.24 -53.33 67.84  1.75
 TSLA   NASDAQ 1h ST_ONLY 104 30.77 0.96  -13.62 -51.74 49.40  0.15
    s        e it         b  reps  pf50  pf95  ret50  ret95
XU100 BIST_DLY 4h  RAND_ALL    40  2.94  6.46 173.34 364.18
XU100 BIST_DLY 4h RAND_LT50    40  2.71  5.33 135.76 369.42
XU100 BIST_DLY 1h  RAND_ALL    40  1.49  2.37  17.87  42.28
XU100 BIST_DLY 1h RAND_LT50    40  1.51  2.18  20.63  49.65
THYAO     BIST 4h  RAND_ALL    40  1.99  3.70 140.75 600.54
THYAO     BIST 4h RAND_LT50    40  2.07  2.91 186.15 376.62
THYAO     BIST 1h  RAND_ALL    40  0.82  1.30 -10.69  13.85
THYAO     BIST 1h RAND_LT50    40  0.94  1.54  -3.84  23.63
  SPY     AMEX 4h  RAND_ALL    40  1.67  3.21  20.52  59.12
  SPY     AMEX 4h RAND_LT50    40  2.19  4.23  42.11  83.55
  SPY     AMEX 1h  RAND_ALL    40  1.57  2.65  10.31  25.45
  SPY     AMEX 1h RAND_LT50    40  1.86  3.19  17.23  34.98
 AAPL   NASDAQ 4h  RAND_ALL    40  2.03  3.00 105.83 203.32
 AAPL   NASDAQ 4h RAND_LT50    40  2.20  3.15 150.86 307.21
 AAPL   NASDAQ 1h  RAND_ALL    40  1.53  2.77  20.29  49.59
 AAPL   NASDAQ 1h RAND_LT50    40  1.62  3.20  24.41  64.62
